{
    "Empty file output metadata aggregation": {
        "content": [
            {
                "0": [
                    [
                        {
                            "id": "empty"
                        },
                        "metadata.csv:md5,cbac237f9f819fadf37c85efd0b4269e"
                    ]
                ],
                "1": [
                    [
                        {
                            "id": "empty"
                        },
                        "metadata.json:md5,22e67cc3ae278cb47bca0058382d3330"
                    ]
                ],
                "2": [
                    "versions.yml:md5,c7179ef11646eed9f4262bc31b48d134"
                ],
                "csv": [
                    [
                        {
                            "id": "empty"
                        },
                        "metadata.csv:md5,cbac237f9f819fadf37c85efd0b4269e"
                    ]
                ],
                "json": [
                    [
                        {
                            "id": "empty"
                        },
                        "metadata.json:md5,22e67cc3ae278cb47bca0058382d3330"
                    ]
                ],
                "versions": [
                    "versions.yml:md5,c7179ef11646eed9f4262bc31b48d134"
                ]
            }
        ],
        "meta": {
            "nf-test": "0.9.2",
            "nextflow": "25.04.4"
        },
        "timestamp": "2025-10-24T16:32:25.841505619"
    },
    ".cram file metadata aggregation": {
        "content": [
            {
                "0": [
                    [
                        {
                            "id": "cram"
                        },
                        "metadata.csv:md5,6ea84f3640a255d1adf9578b6f0c35f4"
                    ]
                ],
                "1": [
                    [
                        {
                            "id": "cram"
                        },
                        "metadata.json:md5,a5eac87d4b5894c5dacda14d5261cb3e"
                    ]
                ],
                "2": [
                    "versions.yml:md5,c7179ef11646eed9f4262bc31b48d134"
                ],
                "csv": [
                    [
                        {
                            "id": "cram"
                        },
                        "metadata.csv:md5,6ea84f3640a255d1adf9578b6f0c35f4"
                    ]
                ],
                "json": [
                    [
                        {
                            "id": "cram"
                        },
                        "metadata.json:md5,a5eac87d4b5894c5dacda14d5261cb3e"
                    ]
                ],
                "versions": [
                    "versions.yml:md5,c7179ef11646eed9f4262bc31b48d134"
                ]
            }
        ],
        "meta": {
            "nf-test": "0.9.2",
            "nextflow": "25.04.4"
        },
        "timestamp": "2025-10-24T16:40:51.463429041"
    },
    "Cellranger ARC output metadata aggregation": {
        "content": [
            {
                "0": [
                    [
                        {
                            "id": "cellranger_arc"
                        },
                        "metadata.csv:md5,22087d13d841154d0a548f161fd8e723"
                    ]
                ],
                "1": [
                    [
                        {
                            "id": "cellranger_arc"
                        },
                        "metadata.json:md5,c6f62aeba959b75ab8e476fe6c18eb26"
                    ]
                ],
                "2": [
                    "versions.yml:md5,c7179ef11646eed9f4262bc31b48d134"
                ],
                "csv": [
                    [
                        {
                            "id": "cellranger_arc"
                        },
                        "metadata.csv:md5,22087d13d841154d0a548f161fd8e723"
                    ]
                ],
                "json": [
                    [
                        {
                            "id": "cellranger_arc"
                        },
                        "metadata.json:md5,c6f62aeba959b75ab8e476fe6c18eb26"
                    ]
                ],
                "versions": [
                    "versions.yml:md5,c7179ef11646eed9f4262bc31b48d134"
                ]
            }
        ],
        "meta": {
            "nf-test": "0.9.2",
            "nextflow": "25.04.4"
        },
        "timestamp": "2025-10-24T16:40:01.098156284"
    }
}